c:\github\gameengine\gameengine\gameengine\gameengine\x64\debug\vc145.pdb
c:\github\gameengine\gameengine\gameengine\gameengine\x64\debug\vc145.idb
c:\github\gameengine\gameengine\gameengine\gameengine\x64\debug\gameplaymanager.obj
c:\github\gameengine\gameengine\gameengine\gameengine\x64\debug\main.obj
c:\github\gameengine\gameengine\gameengine\gameengine\x64\debug\mouse.obj
c:\github\gameengine\gameengine\gameengine\gameengine\x64\debug\keyboard.obj
c:\github\gameengine\gameengine\gameengine\gameengine\x64\debug\inspectorpanel.obj
c:\github\gameengine\gameengine\gameengine\gameengine\x64\debug\hierarchypanel.obj
c:\github\gameengine\gameengine\gameengine\gameengine\x64\debug\editorpanel.obj
c:\github\gameengine\gameengine\gameengine\gameengine\x64\debug\geometrydata.obj
c:\github\gameengine\gameengine\gameengine\gameengine\x64\debug\scene.obj
c:\github\gameengine\gameengine\gameengine\gameengine\x64\debug\component.obj
c:\github\gameengine\gameengine\gameengine\gameengine\x64\debug\imgui_widgets.obj
c:\github\gameengine\gameengine\gameengine\gameengine\x64\debug\imgui_tables.obj
c:\github\gameengine\gameengine\gameengine\gameengine\x64\debug\imgui_impl_opengl3.obj
c:\github\gameengine\gameengine\gameengine\gameengine\x64\debug\imgui_impl_glfw.obj
c:\github\gameengine\gameengine\gameengine\gameengine\x64\debug\imgui_draw.obj
c:\github\gameengine\gameengine\gameengine\gameengine\x64\debug\imgui_demo.obj
c:\github\gameengine\gameengine\gameengine\gameengine\x64\debug\imgui.obj
c:\github\gameengine\gameengine\gameengine\gameengine\x64\debug\stb.obj
c:\github\gameengine\gameengine\gameengine\gameengine\x64\debug\glad.obj
c:\github\gameengine\gameengine\gameengine\gameengine\x64\debug\shader.obj
c:\github\gameengine\gameengine\gameengine\gameengine\x64\debug\rigidbodymanager.obj
c:\github\gameengine\gameengine\gameengine\gameengine\x64\debug\rigidbody.obj
c:\github\gameengine\gameengine\gameengine\gameengine\x64\debug\physicscollision.obj
c:\github\gameengine\gameengine\gameengine\gameengine\x64\debug\collisionsmanager.obj
c:\github\gameengine\gameengine\gameengine\gameengine\x64\debug\sphercollider.obj
c:\github\gameengine\gameengine\gameengine\gameengine\x64\debug\collider.obj
c:\github\gameengine\gameengine\gameengine\gameengine\x64\debug\model.obj
c:\github\gameengine\gameengine\gameengine\gameengine\x64\debug\meshrenderer.obj
c:\github\gameengine\gameengine\gameengine\gameengine\x64\debug\mesh.obj
c:\github\gameengine\gameengine\gameengine\gameengine\x64\debug\dirlight.obj
c:\github\gameengine\gameengine\gameengine\gameengine\x64\debug\shadowrendertarget.obj
c:\github\gameengine\gameengine\gameengine\gameengine\x64\debug\msaarendertarget.obj
c:\github\gameengine\gameengine\gameengine\gameengine\x64\debug\utilitiesmanger.obj
c:\github\gameengine\gameengine\gameengine\gameengine\x64\debug\shadermanager.obj
c:\github\gameengine\gameengine\gameengine\gameengine\x64\debug\resourcesmanager.obj
c:\github\gameengine\gameengine\gameengine\gameengine\x64\debug\gameobject.obj
c:\github\gameengine\gameengine\gameengine\gameengine\x64\debug\componentstype.obj
c:\github\gameengine\gameengine\gameengine\gameengine\x64\debug\camera.obj
c:\github\gameengine\gameengine\gameengine\gameengine\x64\debug\gameengine.ilk
c:\github\gameengine\gameengine\gameengine\x64\debug\gameengine.pdb
c:\github\gameengine\gameengine\gameengine\gameengine\x64\debug\gameengine.tlog\cl.command.1.tlog
c:\github\gameengine\gameengine\gameengine\gameengine\x64\debug\gameengine.tlog\cl.items.tlog
c:\github\gameengine\gameengine\gameengine\gameengine\x64\debug\gameengine.tlog\cl.read.1.tlog
c:\github\gameengine\gameengine\gameengine\gameengine\x64\debug\gameengine.tlog\cl.write.1.tlog
c:\github\gameengine\gameengine\gameengine\gameengine\x64\debug\gameengine.tlog\link.7136-cvtres.read.1.tlog
c:\github\gameengine\gameengine\gameengine\gameengine\x64\debug\gameengine.tlog\link.7136-cvtres.write.1.tlog
c:\github\gameengine\gameengine\gameengine\gameengine\x64\debug\gameengine.tlog\link.7136-rc.read.1.tlog
c:\github\gameengine\gameengine\gameengine\gameengine\x64\debug\gameengine.tlog\link.7136-rc.write.1.tlog
c:\github\gameengine\gameengine\gameengine\gameengine\x64\debug\gameengine.tlog\link.7136.read.1.tlog
c:\github\gameengine\gameengine\gameengine\gameengine\x64\debug\gameengine.tlog\link.7136.read.2.tlog
c:\github\gameengine\gameengine\gameengine\gameengine\x64\debug\gameengine.tlog\link.7136.read.3.tlog
c:\github\gameengine\gameengine\gameengine\gameengine\x64\debug\gameengine.tlog\link.7136.read.4.tlog
c:\github\gameengine\gameengine\gameengine\gameengine\x64\debug\gameengine.tlog\link.7136.read.5.tlog
c:\github\gameengine\gameengine\gameengine\gameengine\x64\debug\gameengine.tlog\link.7136.write.1.tlog
c:\github\gameengine\gameengine\gameengine\gameengine\x64\debug\gameengine.tlog\link.command.1.tlog
c:\github\gameengine\gameengine\gameengine\gameengine\x64\debug\gameengine.tlog\link.read.1.tlog
c:\github\gameengine\gameengine\gameengine\gameengine\x64\debug\gameengine.tlog\link.secondary.1.tlog
c:\github\gameengine\gameengine\gameengine\gameengine\x64\debug\gameengine.tlog\link.write.1.tlog
