  Scene.cpp
C:\Users\vigne\GithubRepos\GameEngine\GameEngine\src\core\Scene.h(19,7): warning C4099: 'CubeMap': type name first seen using 'struct' now seen using 'class'
  (compiling source file 'src/core/Scene.cpp')
      C:\Users\vigne\GithubRepos\GameEngine\GameEngine\src\managers\ResourcesManager.hpp(6,8):
      see declaration of 'CubeMap'
  
C:\Users\vigne\GithubRepos\GameEngine\GameEngine\src\core\Scene.inl(19,5): warning C4984: 'if constexpr' is a C++17 language extension
  (compiling source file 'src/core/Scene.cpp')
      C:\Users\vigne\GithubRepos\GameEngine\GameEngine\src\core\Scene.h(51,17):
      This diagnostic occurred in the compiler generated function 'GameObject *Scene::addNewGameObjectToScene(GameObject *,Transform,Args ...)'
  
C:\Users\vigne\GithubRepos\GameEngine\GameEngine\src\managers\ShaderManager.hpp(14,14): warning C4091: 'static ': ignored on left of 'ShaderManager' when no variable is declared
  (compiling source file 'src/core/Scene.cpp')
  
C:\Users\vigne\GithubRepos\GameEngine\GameEngine\src\data\GeometryData.hpp(32,9): warning C4984: 'if constexpr' is a C++17 language extension
  (compiling source file 'src/core/Scene.cpp')
      C:\Users\vigne\GithubRepos\GameEngine\GameEngine\src\data\GeometryData.hpp(27,26):
      This diagnostic occurred in the compiler generated function 'std::vector<T,std::allocator<_Ty>> GeometryData::GetVectorFromFloatArr(const float [],unsigned int,unsigned int,unsigned int)'
  
C:\Users\vigne\GithubRepos\GameEngine\GameEngine\src\data\GeometryData.hpp(36,14): warning C4984: 'if constexpr' is a C++17 language extension
  (compiling source file 'src/core/Scene.cpp')
      C:\Users\vigne\GithubRepos\GameEngine\GameEngine\src\data\GeometryData.hpp(27,26):
      This diagnostic occurred in the compiler generated function 'std::vector<T,std::allocator<_Ty>> GeometryData::GetVectorFromFloatArr(const float [],unsigned int,unsigned int,unsigned int)'
  
C:\Users\vigne\GithubRepos\GameEngine\GameEngine\src\core\Scene.cpp(23,21): warning C4244: '=': conversion from 'int' to 'float', possible loss of data
C:\Users\vigne\GithubRepos\GameEngine\GameEngine\src\core\Scene.cpp(24,22): warning C4244: '=': conversion from 'int' to 'float', possible loss of data
  main.cpp
C:\Users\vigne\GithubRepos\GameEngine\GameEngine\src\core\Scene.h(19,7): warning C4099: 'CubeMap': type name first seen using 'struct' now seen using 'class'
  (compiling source file 'src/core/main.cpp')
      C:\Users\vigne\GithubRepos\GameEngine\GameEngine\src\managers\ResourcesManager.hpp(6,8):
      see declaration of 'CubeMap'
  
C:\Users\vigne\GithubRepos\GameEngine\GameEngine\src\data\GeometryData.hpp(32,9): warning C4984: 'if constexpr' is a C++17 language extension
  (compiling source file 'src/core/main.cpp')
      C:\Users\vigne\GithubRepos\GameEngine\GameEngine\src\data\GeometryData.hpp(27,26):
      This diagnostic occurred in the compiler generated function 'std::vector<T,std::allocator<_Ty>> GeometryData::GetVectorFromFloatArr(const float [],unsigned int,unsigned int,unsigned int)'
  
C:\Users\vigne\GithubRepos\GameEngine\GameEngine\src\data\GeometryData.hpp(36,14): warning C4984: 'if constexpr' is a C++17 language extension
  (compiling source file 'src/core/main.cpp')
      C:\Users\vigne\GithubRepos\GameEngine\GameEngine\src\data\GeometryData.hpp(27,26):
      This diagnostic occurred in the compiler generated function 'std::vector<T,std::allocator<_Ty>> GeometryData::GetVectorFromFloatArr(const float [],unsigned int,unsigned int,unsigned int)'
  
C:\Users\vigne\GithubRepos\GameEngine\GameEngine\src\physics\PhysicsCalculations\physicsCollision.hpp(29,14): warning C4091: 'static ': ignored on left of 'physicsCollision' when no variable is declared
  (compiling source file 'src/core/main.cpp')
  
C:\Users\vigne\GithubRepos\GameEngine\GameEngine\src\physics\collisionsManager.hpp(33,14): warning C4091: 'static ': ignored on left of 'CollisionsManager' when no variable is declared
  (compiling source file 'src/core/main.cpp')
  
C:\Users\vigne\GithubRepos\GameEngine\GameEngine\src\physics\rigidbodyManager.hpp(6,14): warning C4091: 'static ': ignored on left of 'RigidbodyManager' when no variable is declared
  (compiling source file 'src/core/main.cpp')
  
C:\Users\vigne\GithubRepos\GameEngine\GameEngine\src\physics\PhysicsThread.h(15,39): warning C4244: 'initializing': conversion from 'float' to '__int64', possible loss of data
  (compiling source file 'src/core/main.cpp')
  
C:\Users\vigne\GithubRepos\GameEngine\GameEngine\src\managers\ShaderManager.hpp(14,14): warning C4091: 'static ': ignored on left of 'ShaderManager' when no variable is declared
  (compiling source file 'src/core/main.cpp')
  
  Generating Code...
  GameEngine.vcxproj -> C:\Users\vigne\GithubRepos\GameEngine\GameEngine\x64\Debug\GameEngine.exe
